// Jest Snapshot v1, https://goo.gl/fbAQLP

exports[`renders correctly 1`] = `
<div
  className="input"
>
  <label
    htmlFor="sex-select"
  >
    Sex: 
  </label>
  <select
    id="sex-select"
    onChange={[Function]}
    value="sex"
  >
    <option
      value="ALL"
    >
      All
    </option>
    <option
      value="MALE"
    >
      Male
    </option>
    <option
      value="FEMALE"
    >
      Female
    </option>
  </select>
</div>
`;
